     1                                  section .data
     2 00000000 48656C6C6F20576F72-         msg db "Hello World!", 0
     2 00000009 6C642100           
     3                                      msgLen equ $msg
     4                                  
     5 0000000D 0A                          NL db 0xa
     6                                  
     7                                  section .bss
     8                                  
     9                                  section .text
    10                                      global main
    11                                  
    12                                  main:
    13 00000000 B801000000                  mov rax, 1
    14 00000005 BF01000000                  mov rdi, 1
    15 0000000A 48BE-                       mov rsi, msg
    15 0000000C [0000000000000000] 
    16 00000014 48BA-                       mov rdx, msgLen
    16 00000016 [0000000000000000] 
    17 0000001E 0F05                        syscall
    18                                  
    19 00000020 B801000000                  mov rax, 1
    20 00000025 BF01000000                  mov rdi, 1
    21 0000002A 48BE-                       mov rsi, NL
    21 0000002C [0D00000000000000] 
    22 00000034 BA01000000                  mov rdx, 1
    23 00000039 0F05                        syscall
    24                                  
    25 0000003B B83C000000                  mov rax, 60
    26 00000040 BF00000000                  mov rdi, 0
    27 00000045 0F05                        syscall
